juser@juliabox:~$ mkdir Euler                                                                                                                                        
juser@juliabox:~$ git status                                                                                                                                         
fatal: Not a git repository (or any parent up to mount point /home/juser)                                                                                            
Stopping at filesystem boundary (GIT_DISCOVERY_ACROSS_FILESYSTEM not set).                                                                                           
juser@juliabox:~$ cd Practicas./                                                                                                                                     
juser@juliabox:~/Practicas.$ git status                                                                                                                              
On branch master                                                                                                                                                     
Your branch is up-to-date with 'origin/master'.                                                                                                                      


Untracked files:                                                                                                                                                     
  (use "git add <file>..." to include in what will be committed)                                                                                                     


        Untitled.ipynb


nothing added to commit but untracked files present (use "git add" to track)                                                                                         
juser@juliabox:~/Practicas.$ mkdir Euler                                                                                                                             
juser@juliabox:~/Practicas.$ git mv Euler..ipynb Euler                                                                                                               
juser@juliabox:~/Practicas.$ git status                                                                                                                              
On branch master                                                                                                                                                     
Your branch is up-to-date with 'origin/master'.                                                                                                                      


Changes to be committed:                                                                                                                                             
  (use "git reset HEAD <file>..." to unstage)                                                                                                                        


        renamed:    Euler..ipynb -> Euler/Euler..ipynb


Untracked files:                                                                                                                                                     
  (use "git add <file>..." to include in what will be committed)                                                                                                     


        Untitled.ipynb


juser@juliabox:~/Practicas.$ git mv Euler\ per\ sistemi\ \(eq.\ di\ Van\ der\ Pol\).ipynb  Euler                                                                     
juser@juliabox:~/Practicas.$ git status                                                                                                                              
On branch master                                                                                                                                                     
Your branch is up-to-date with 'origin/master'.                                                                                                                      


Changes to be committed:                                                                                                                                             
  (use "git reset HEAD <file>..." to unstage)                                                                                                                        


        renamed:    Euler per sistemi (eq. di Van der Pol).ipynb -> Euler/Euler per sistemi (eq. di Van der Pol).ipynb
        renamed:    Euler..ipynb -> Euler/Euler..ipynb


Untracked files:                                                                                                                                                     
  (use "git add <file>..." to include in what will be committed)                                                                                                     


        Untitled.ipynb


juser@juliabox:~/Practicas.$ git mv Runge.ipynb  Euler                                                                                                               
fatal: not under version control, source=Runge.ipynb, destination=Euler/Runge.ipynb                                                                                  
juser@juliabox:~/Practicas.$ git status                                                                                                                              
On branch master                                                                                                                                                     
Your branch is up-to-date with 'origin/master'.                                                                                                                      


Changes to be committed:                                                                                                                                             
  (use "git reset HEAD <file>..." to unstage)                                                                                                                        


        renamed:    Euler per sistemi (eq. di Van der Pol).ipynb -> Euler/Euler per sistemi (eq. di Van der Pol).ipynb
        renamed:    Euler..ipynb -> Euler/Euler..ipynb


Untracked files:                                                                                                                                                     
  (use "git add <file>..." to include in what will be committed)                                                                                                     


        Runge.ipynb


juser@juliabox:~/Practicas.$ git add Runge                                                                                                                           
fatal: pathspec 'Runge' did not match any files                                                                                                                      
juser@juliabox:~/Practicas.$ git add Runge.ipynb                                                                                                                     
juser@juliabox:~/Practicas.$ git status                                                                                                                              
On branch master                                                                                                                                                     
Your branch is up-to-date with 'origin/master'.                                                                                                                      


Changes to be committed:                                                                                                                                             
  (use "git reset HEAD <file>..." to unstage)                                                                                                                        


        renamed:    Euler per sistemi (eq. di Van der Pol).ipynb -> Euler/Euler per sistemi (eq. di Van der Pol).ipynb
        renamed:    Euler..ipynb -> Euler/Euler..ipynb
        new file:   Runge.ipynb


juser@juliabox:~/Practicas.$ git mv Runge.ipynb  Euler                                                                                                               
juser@juliabox:~/Practicas.$ git commit -m 'archivos dentro una carpeta'                                                                                             
[master 939385a] archivos dentro una carpeta                                                                                                                         
 3 files changed, 282 insertions(+)                                                                                                                                  
 rename Euler per sistemi (eq. di Van der Pol).ipynb => Euler/Euler per sistemi (eq. di Van der Pol).ipynb (100%)                                                    
 rename Euler..ipynb => Euler/Euler..ipynb (100%)                                                                                                                    
 create mode 100644 Euler/Runge.ipynb                                                                                                                                
juser@juliabox:~/Practicas.$                                                                                                                                         
juser@juliabox:~/Practicas.$ gitn log                                                                                                                                
bash: gitn: command not found                                                                                                                                        
juser@juliabox:~/Practicas.$ git log                                                                                                                                 
commit 939385a35ee349112097aa2d756b9e59ecc4b1a6
Author: amo.gomorralaserie <amo.gomorralaserie@gmail.com>                                                                                                            
Date:   Mon Sep 21 20:58:52 2015 +0000                                                                                                                               


    archivos dentro una carpeta                                                                                                                                      


commit ce6e2de3829e26be3f59c525c53e75025bd95481
Author: amo.gomorralaserie <amo.gomorralaserie@gmail.com>                                                                                                            
Date:   Sat Sep 19 20:48:27 2015 +0000                                                                                                                               


    Metodo di Eulero con un esempio.                                                                                                                                 
                                                                                                                                                                     
commit bcabe5529e4bdb4ffad32bd7d0febd3bbfb2e260
Author: amo.gomorralaserie <amo.gomorralaserie@gmail.com>                                                                                                            
Date:   Fri Sep 4 01:06:30 2015 +0000                                                                                                                                
                                                                                                                                                                     
    questo file ha dentro ipynb_checkpoints                                                                                                                          
                                                                                                                                                                     
commit 13786046deb26555b9a6683a1d0fb7ee928843d0
Author: amo.gomorralaserie <amo.gomorralaserie@gmail.com>                                                                                                            
Date:   Fri Sep 4 00:56:54 2015 +0000                                                                                                                                
                                                                                                                                                                     
    metodo di Euler per risolvere una ED                                                                                                                             
juser@juliabox:~/Practicas.$ git push
warning: push.default is unset; its implicit value is changing in                                                                                                    
Git 2.0 from 'matching' to 'simple'. To squelch this message                                                                                                         
and maintain the current behavior after the default changes, use:                                                                                                    
                                                                                                                                                                     
  git config --global push.default matching                                                                                                                          
                                                                                                                                                                     
To squelch this message and adopt the new behavior now, use:                                                                                                         
                                                                                                                                                                     
  git config --global push.default simple                                                                                                                            
                                                                                                                                                                     
When push.default is set to 'matching', git will push local branches                                                                                                 
to the remote branches that already exist with the same name.                                                                                                        
                                                                                                                                                                     
In Git 2.0, Git will default to the more conservative 'simple'                                                                                                       
behavior, which only pushes the current branch to the corresponding                                                                                                  
remote branch that 'git pull' uses to update the current branch.                                                                                                     
                                                                                                                                                                     
See 'git help config' and search for 'push.default' for further information.                                                                                         
(the 'simple' mode was introduced in Git 1.7.11. Use the similar mode                                                                                                
'current' instead of 'simple' if you sometimes use older versions of Git)                                                                                            
                                                                                                                                                                     
Username for 'https://github.com': attiliodiottalevi                                                                                                                 
Password for 'https://attiliodiottalevi@github.com':                                                                                                                 
remote: Invalid username or password.                                                                                                                                
fatal: Authentication failed for 'https://github.com/attiliodiottalevi/Robe-di-Julia.git/'                                                                           
juser@juliabox:~/Practicas.$ git status                                                                                                                              
On branch master                                                                                                                                                     
Your branch is ahead of 'origin/master' by 1 commit.                                                                                                                 
  (use "git push" to publish your local commits)                                                                                                                     
                                                                                                                                                                     
nothing to commit, working directory clean                                                                                                                           
juser@juliabox:~/Practicas.$ git push                                                                                                                                
warning: push.default is unset; its implicit value is changing in                                                                                                    
Git 2.0 from 'matching' to 'simple'. To squelch this message                                                                                                         
and maintain the current behavior after the default changes, use:                                                                                                    
                                                                                                                                                                     
  git config --global push.default matching                                                                                                                          
                                                                                                                                                                     
To squelch this message and adopt the new behavior now, use:                                                                                                         
                                                                                                                                                                     
  git config --global push.default simple                                                                                                                            
                                                                                                                                                                     
When push.default is set to 'matching', git will push local branches                                                                                                 
to the remote branches that already exist with the same name.                                                                                                        
                                                                                                                                                                     
In Git 2.0, Git will default to the more conservative 'simple'                                                                                                       
behavior, which only pushes the current branch to the corresponding                                                                                                  
remote branch that 'git pull' uses to update the current branch.                                                                                                     
                                                                                                                                                                     
See 'git help config' and search for 'push.default' for further information.                                                                                         
(the 'simple' mode was introduced in Git 1.7.11. Use the similar mode                                                                                                
'current' instead of 'simple' if you sometimes use older versions of Git)                                                                                            
                                                                                                                                                                     
Username for 'https://github.com': attiliodiottalevi                                                                                                                 
Password for 'https://attiliodiottalevi@github.com':                                                                                                                 
To http://github.com/attiliodiottalevi/Robe-di-Julia.git                                                                                                             
 ! [rejected]        master -> master (fetch first)                                                                                                                  
error: failed to push some refs to 'http://github.com/attiliodiottalevi/Robe-di-Julia.git'                                                                           
hint: Updates were rejected because the remote contains work that you do                                                                                             
hint: not have locally. This is usually caused by another repository pushing                                                                                         
hint: to the same ref. You may want to first integrate the remote changes                                                                                            
hint: (e.g., 'git pull ...') before pushing again.                                                                                                                   
hint: See the 'Note about fast-forwards' in 'git push --help' for details.                                                                                           
juser@juliabox:~/Practicas.$ cd Practicas                                                                                                                            
bash: cd: Practicas: No such file or directory                                                                                                                       
juser@juliabox:~/Practicas.$ cd Euler                                                                                                                                
juser@juliabox:~/Practicas./Euler$ cd ..                                                                                                                             
juser@juliabox:~/Practicas.$ git status                                                                                                                              
On branch master                                                                                                                                                     
Your branch is ahead of 'origin/master' by 1 commit.                                                                                                                 
  (use "git push" to publish your local commits)                                                                                                                     
                                                                                                                                                                     
nothing to commit, working directory clean                                                                                                                           
juser@juliabox:~/Practicas.$ git log                                                                                                                                 
commit 939385a35ee349112097aa2d756b9e59ecc4b1a6
Author: amo.gomorralaserie <amo.gomorralaserie@gmail.com>                                                                                                            
Date:   Mon Sep 21 20:58:52 2015 +0000                                                                                                                               
                                                                                                                                                                     
    archivos dentro una carpeta                                                                                                                                      
                                                                                                                                                                     
commit ce6e2de3829e26be3f59c525c53e75025bd95481
Author: amo.gomorralaserie <amo.gomorralaserie@gmail.com>                                                                                                            
Date:   Sat Sep 19 20:48:27 2015 +0000                                                                                                                               
                                                                                                                                                                     
    Metodo di Eulero con un esempio.                                                                                                                                 
                                                                                                                                                                     
commit bcabe5529e4bdb4ffad32bd7d0febd3bbfb2e260
Author: amo.gomorralaserie <amo.gomorralaserie@gmail.com>                                                                                                            
Date:   Fri Sep 4 01:06:30 2015 +0000                                                                                                                                
                                                                                                                                                                     
    questo file ha dentro ipynb_checkpoints                                                                                                                          
                                                                                                                                                                     
commit 13786046deb26555b9a6683a1d0fb7ee928843d0
Author: amo.gomorralaserie <amo.gomorralaserie@gmail.com>                                                                                                            
Date:   Fri Sep 4 00:56:54 2015 +0000                                                                                                                                
                                                                                                                                                                     
    metodo di Euler per risolvere una ED                                                                                                                             
juser@juliabox:~/Practicas.$ git push -u origin master
Username for 'https://github.com': attiliodiottalevi                                                                                                                 
Password for 'https://attiliodiottalevi@github.com':                                                                                                                 
remote: Invalid username or password.                                                                                                                                
fatal: Authentication failed for 'https://github.com/attiliodiottalevi/Robe-di-Julia.git/'                                                                           
juser@juliabox:~/Practicas.$ git push -u origin master                                                                                                               
Username for 'https://github.com': attiliodiottalevi                                                                                                                 
Password for 'https://attiliodiottalevi@github.com':                                                                                                                 
To http://github.com/attiliodiottalevi/Robe-di-Julia.git                                                                                                             
 ! [rejected]        master -> master (fetch first)                                                                                                                  
error: failed to push some refs to 'http://github.com/attiliodiottalevi/Robe-di-Julia.git'                                                                           
hint: Updates were rejected because the remote contains work that you do                                                                                             
hint: not have locally. This is usually caused by another repository pushing                                                                                         
hint: to the same ref. You may want to first integrate the remote changes                                                                                            
hint: (e.g., 'git pull ...') before pushing again.                                                                                                                   
hint: See the 'Note about fast-forwards' in 'git push --help' for details.                                                                                           
juser@juliabox:~/Practicas.$ git pull                                                                                                                                
remote: Counting objects: 9, done.                                                                                                                                   
remote: Compressing objects: 100% (5/5), done.                                                                                                                       
remote: Total 9 (delta 5), reused 8 (delta 4), pack-reused 0                                                                                                         
Unpacking objects: 100% (9/9), done.                                                                                                                                 
From http://github.com/attiliodiottalevi/Robe-di-Julia


Pagine per imparare di piu:
[link_uno](https://www.atlassian.com/git/tutorials)
                                                          
[link_due](http://pcottle.github.io/learnGitBranching) 
